Error: Request failed with status code 502
    at createError (C:\Users\simon\Desktop\Etherless\etherless-cli\node_modules\axios\lib\core\createError.js:16:15)
    at settle (C:\Users\simon\Desktop\Etherless\etherless-cli\node_modules\axios\lib\core\settle.js:17:12)
    at IncomingMessage.handleStreamEnd (C:\Users\simon\Desktop\Etherless\etherless-cli\node_modules\axios\lib\adapters\http.js:236:11)
    at IncomingMessage.emit (events.js:323:22)
    at IncomingMessage.EventEmitter.emit (domain.js:482:12)
    at endReadableNT (_stream_readable.js:1204:12)
    at processTicksAndRejections (internal/process/task_queues.js:84:21) {
  config: {
    url: 'https://sbx2aeqyl9.execute-api.us-east-1.amazonaws.com/dev/deleteFunction',
    method: 'post',
    data: '{"ARN":"arn:aws:lambda:us-east-1:964189167587:function:t3xg54b9sxp36yidk8jyfh"}',
    headers: {
      Accept: 'application/json, text/plain, */*',
      'Content-Type': 'application/x-www-form-urlencoded',
      'User-Agent': 'axios/0.19.2',
      'Content-Length': 79
    },
    transformRequest: [ [Function: transformRequest] ],
    transformResponse: [ [Function: transformResponse] ],
    timeout: 0,
    adapter: [Function: httpAdapter],
    xsrfCookieName: 'XSRF-TOKEN',
    xsrfHeaderName: 'X-XSRF-TOKEN',
    maxContentLength: -1,
    validateStatus: [Function: validateStatus]
  },
  request: ClientRequest {
    _events: [Object: null prototype] {
      socket: [Function],
      abort: [Function],
      aborted: [Function],
      error: [Function],
      timeout: [Function],
      prefinish: [Function: requestOnPrefinish]
    },
    _eventsCount: 6,
    _maxListeners: undefined,
    outputData: [],
    outputSize: 0,
    writable: true,
    _last: true,
    chunkedEncoding: false,
    shouldKeepAlive: false,
    useChunkedEncodingByDefault: true,
    sendDate: false,
    _removedConnection: false,
    _removedContLen: false,
    _removedTE: false,
    _contentLength: null,
    _hasBody: true,
    _trailer: '',
    finished: true,
    _headerSent: true,
    socket: TLSSocket {
      _tlsOptions: [Object],
      _secureEstablished: true,
      _securePending: false,
      _newSessionPending: false,
      _controlReleased: true,
      _SNICallback: null,
      servername: 'sbx2aeqyl9.execute-api.us-east-1.amazonaws.com',
      alpnProtocol: false,
      authorized: true,
      authorizationError: null,
      encrypted: true,
      _events: [Object: null prototype],
      _eventsCount: 9,
      connecting: false,
      _hadError: false,
      _parent: null,
      _host: 'sbx2aeqyl9.execute-api.us-east-1.amazonaws.com',
      _readableState: [ReadableState],
      readable: true,
      _maxListeners: undefined,
      _writableState: [WritableState],
      writable: false,
      allowHalfOpen: false,
      _sockname: null,
      _pendingData: null,
      _pendingEncoding: '',
      server: undefined,
      _server: null,
      ssl: [TLSWrap],
      _requestCert: true,
      _rejectUnauthorized: true,
      parser: null,
      _httpMessage: [Circular],
      [Symbol(res)]: [TLSWrap],
      [Symbol(asyncId)]: 25,
      [Symbol(kHandle)]: [TLSWrap],
      [Symbol(lastWriteQueueSize)]: 0,
      [Symbol(timeout)]: null,
      [Symbol(kBuffer)]: null,
      [Symbol(kBufferCb)]: null,
      [Symbol(kBufferGen)]: null,
      [Symbol(kCapture)]: false,
      [Symbol(kBytesRead)]: 0,
      [Symbol(kBytesWritten)]: 0,
      [Symbol(connect-options)]: [Object]
    },
    connection: TLSSocket {
      _tlsOptions: [Object],
      _secureEstablished: true,
      _securePending: false,
      _newSessionPending: false,
      _controlReleased: true,
      _SNICallback: null,
      servername: 'sbx2aeqyl9.execute-api.us-east-1.amazonaws.com',
      alpnProtocol: false,
      authorized: true,
      authorizationError: null,
      encrypted: true,
      _events: [Object: null prototype],
      _eventsCount: 9,
      connecting: false,
      _hadError: false,
      _parent: null,
      _host: 'sbx2aeqyl9.execute-api.us-east-1.amazonaws.com',
      _readableState: [ReadableState],
      readable: true,
      _maxListeners: undefined,
      _writableState: [WritableState],
      writable: false,
      allowHalfOpen: false,
      _sockname: null,
      _pendingData: null,
      _pendingEncoding: '',
      server: undefined,
      _server: null,
      ssl: [TLSWrap],
      _requestCert: true,
      _rejectUnauthorized: true,
      parser: null,
      _httpMessage: [Circular],
      [Symbol(res)]: [TLSWrap],
      [Symbol(asyncId)]: 25,
      [Symbol(kHandle)]: [TLSWrap],
      [Symbol(lastWriteQueueSize)]: 0,
      [Symbol(timeout)]: null,
      [Symbol(kBuffer)]: null,
      [Symbol(kBufferCb)]: null,
      [Symbol(kBufferGen)]: null,
      [Symbol(kCapture)]: false,
      [Symbol(kBytesRead)]: 0,
      [Symbol(kBytesWritten)]: 0,
      [Symbol(connect-options)]: [Object]
    },
    _header: 'POST /dev/deleteFunction HTTP/1.1\r\n' +
      'Accept: application/json, text/plain, */*\r\n' +
      'Content-Type: application/x-www-form-urlencoded\r\n' +
      'User-Agent: axios/0.19.2\r\n' +
      'Content-Length: 79\r\n' +
      'Host: sbx2aeqyl9.execute-api.us-east-1.amazonaws.com\r\n' +
      'Connection: close\r\n' +
      '\r\n',
    _onPendingData: [Function: noopPendingOutput],
    agent: Agent {
      _events: [Object: null prototype],
      _eventsCount: 2,
      _maxListeners: undefined,
      defaultPort: 443,
      protocol: 'https:',
      options: [Object],
      requests: {},
      sockets: [Object],
      freeSockets: {},
      keepAliveMsecs: 1000,
      keepAlive: false,
      maxSockets: Infinity,
      maxFreeSockets: 256,
      maxCachedSessions: 100,
      _sessionCache: [Object],
      [Symbol(kCapture)]: false
    },
    socketPath: undefined,
    method: 'POST',
    insecureHTTPParser: undefined,
    path: '/dev/deleteFunction',
    _ended: true,
    res: IncomingMessage {
      _readableState: [ReadableState],
      readable: false,
      _events: [Object: null prototype],
      _eventsCount: 3,
      _maxListeners: undefined,
      socket: [TLSSocket],
      connection: [TLSSocket],
      httpVersionMajor: 1,
      httpVersionMinor: 1,
      httpVersion: '1.1',
      complete: true,
      headers: [Object],
      rawHeaders: [Array],
      trailers: {},
      rawTrailers: [],
      aborted: false,
      upgrade: false,
      url: '',
      method: null,
      statusCode: 502,
      statusMessage: 'Bad Gateway',
      client: [TLSSocket],
      _consuming: false,
      _dumped: false,
      req: [Circular],
      responseUrl: 'https://sbx2aeqyl9.execute-api.us-east-1.amazonaws.com/dev/deleteFunction',
      redirects: [],
      [Symbol(kCapture)]: false
    },
    aborted: false,
    timeoutCb: null,
    upgradeOrConnect: false,
    parser: null,
    maxHeadersCount: null,
    reusedSocket: false,
    _redirectable: Writable {
      _writableState: [WritableState],
      writable: true,
      _events: [Object: null prototype],
      _eventsCount: 2,
      _maxListeners: undefined,
      _options: [Object],
      _redirectCount: 0,
      _redirects: [],
      _requestBodyLength: 79,
      _requestBodyBuffers: [],
      _onNativeResponse: [Function],
      _currentRequest: [Circular],
      _currentUrl: 'https://sbx2aeqyl9.execute-api.us-east-1.amazonaws.com/dev/deleteFunction',
      [Symbol(kCapture)]: false
    },
    [Symbol(kCapture)]: false,
    [Symbol(kNeedDrain)]: false,
    [Symbol(corked)]: 0,
    [Symbol(kOutHeaders)]: [Object: null prototype] {
      accept: [Array],
      'content-type': [Array],
      'user-agent': [Array],
      'content-length': [Array],
      host: [Array]
    }
  },
  response: {
    status: 502,
    statusText: 'Bad Gateway',
    headers: {
      'content-type': 'application/json',
      'content-length': '36',
      connection: 'close',
      date: 'Mon, 04 May 2020 15:04:00 GMT',
      'x-amzn-requestid': '89a97e4a-e7bd-4bf5-aff7-4505c4d20d1e',
      'x-amzn-errortype': 'InternalServerErrorException',
      'x-amz-apigw-id': 'MAxDJEa5IAMFcVw=',
      'x-cache': 'Error from cloudfront',
      via: '1.1 c60d08323363c4861c206b74cb68eeb1.cloudfront.net (CloudFront)',
      'x-amz-cf-pop': 'MXP64-C1',
      'x-amz-cf-id': 'Ixa3VsdTmnm2aSFjE6LQCcFf2l8m5IJANLQso0FWrWRquwrRS9sNsQ=='
    },
    config: {
      url: 'https://sbx2aeqyl9.execute-api.us-east-1.amazonaws.com/dev/deleteFunction',
      method: 'post',
      data: '{"ARN":"arn:aws:lambda:us-east-1:964189167587:function:t3xg54b9sxp36yidk8jyfh"}',
      headers: [Object],
      transformRequest: [Array],
      transformResponse: [Array],
      timeout: 0,
      adapter: [Function: httpAdapter],
      xsrfCookieName: 'XSRF-TOKEN',
      xsrfHeaderName: 'X-XSRF-TOKEN',
      maxContentLength: -1,
      validateStatus: [Function: validateStatus]
    },
    request: ClientRequest {
      _events: [Object: null prototype],
      _eventsCount: 6,
      _maxListeners: undefined,
      outputData: [],
      outputSize: 0,
      writable: true,
      _last: true,
      chunkedEncoding: false,
      shouldKeepAlive: false,
      useChunkedEncodingByDefault: true,
      sendDate: false,
      _removedConnection: false,
      _removedContLen: false,
      _removedTE: false,
      _contentLength: null,
      _hasBody: true,
      _trailer: '',
      finished: true,
      _headerSent: true,
      socket: [TLSSocket],
      connection: [TLSSocket],
      _header: 'POST /dev/deleteFunction HTTP/1.1\r\n' +
        'Accept: application/json, text/plain, */*\r\n' +
        'Content-Type: application/x-www-form-urlencoded\r\n' +
        'User-Agent: axios/0.19.2\r\n' +
        'Content-Length: 79\r\n' +
        'Host: sbx2aeqyl9.execute-api.us-east-1.amazonaws.com\r\n' +
        'Connection: close\r\n' +
        '\r\n',
      _onPendingData: [Function: noopPendingOutput],
      agent: [Agent],
      socketPath: undefined,
      method: 'POST',
      insecureHTTPParser: undefined,
      path: '/dev/deleteFunction',
      _ended: true,
      res: [IncomingMessage],
      aborted: false,
      timeoutCb: null,
      upgradeOrConnect: false,
      parser: null,
      maxHeadersCount: null,
      reusedSocket: false,
      _redirectable: [Writable],
      [Symbol(kCapture)]: false,
      [Symbol(kNeedDrain)]: false,
      [Symbol(corked)]: 0,
      [Symbol(kOutHeaders)]: [Object: null prototype]
    },
    data: { message: 'Internal server error' }
  },
  isAxiosError: true,
  toJSON: [Function]
}
